XV6_TEST_OUTPUT After malloc with THP disabled, 1 MB - program base pages:257 huge pages:0
XV6_TEST_OUTPUT Now enabling THP
