XV6_TEST_OUTPUT After first umalloc, 100 bytes - program base pages:16 huge pages:0
XV6_TEST_OUTPUT After second umalloc, 5000 bytes - program base pages:16 huge pages:0
XV6_TEST_OUTPUT After third umalloc, 4MB - program base pages:2065 huge pages:0
XV6_TEST_OUTPUT After freeing data - program base pages:2065 huge pages:0
