XV6_TEST_OUTPUT After vmalloc huge, 200 bytes - program base pages:8192 huge pages:0
